bun test v1.3.14 (0d9b296a)

grouped-draft/src/__tests__/e72-mixed-auto.test.ts:
(pass) mixed auto observer structural controls > distinguishes exact input, launch instructions and whole structured reports without publishing payloads [0.30ms]
(pass) mixed auto observer structural controls > does not infer structured reports from prose, nested JSON, arrays or multiple blocks [0.18ms]
(pass) mixed auto observer structural controls > keeps caller-message occurrences separate from tool results and rejects input or prompt inference [0.05ms]
(pass) mixed auto observer structural controls > distinguishes name normalization, changed inputs and missing owners without exposing payloads [0.07ms]
(pass) mixed auto observer structural controls > requires the native system envelope, exact root and bounded classifier shape [0.12ms]
(pass) mixed auto observer structural controls > quotes owned paths and rejects malformed directory inputs [0.27ms]
(pass) mixed auto observer structural controls > physically joins both successful and rejected relay handlers [0.19ms]
(pass) actual mixed observer against marked synthetic client, proxy and SDK > verifies the exact native inbox and child ownership through the maintained v3 harness [1078.53ms]
(pass) actual mixed observer against marked synthetic client, proxy and SDK > preserves v2 raw-substring rejection of a native framed report [919.76ms]
(pass) actual mixed observer against marked synthetic client, proxy and SDK > rejects native-inbox wrongInboxActor in the maintained v3 harness [882.48ms]
(pass) actual mixed observer against marked synthetic client, proxy and SDK > rejects native-inbox wrongInboxReport in the maintained v3 harness [841.55ms]
(pass) actual mixed observer against marked synthetic client, proxy and SDK > rejects native-inbox wrongInboxRole in the maintained v3 harness [830.75ms]
(pass) actual mixed observer against marked synthetic client, proxy and SDK > rejects native-inbox wrongInboxFooter in the maintained v3 harness [817.12ms]
(pass) actual mixed observer against marked synthetic client, proxy and SDK > rejects native-inbox missingInboxReport in the maintained v3 harness [887.48ms]
(pass) actual mixed observer against marked synthetic client, proxy and SDK > rejects native-inbox duplicateInboxReport in the maintained v3 harness [887.43ms]
(pass) actual mixed observer against marked synthetic client, proxy and SDK > rejects native-inbox truncatedInboxReport in the maintained v3 harness [841.78ms]
(pass) actual mixed observer against marked synthetic client, proxy and SDK > rejects native-inbox droppedSdkInbox in the maintained v3 harness [770.97ms]
(pass) actual mixed observer against marked synthetic client, proxy and SDK > witnesses the opt-in interrupt through the maintained harness without trusting a product log [845.96ms]
(pass) actual mixed observer against marked synthetic client, proxy and SDK > rejects an unrelated error even when a fake product consumes it and returns the expected tools [799.49ms]
(pass) actual mixed observer against marked synthetic client, proxy and SDK > binds interleaved classifiers to independent sessions while preserving parent/child chains [826.58ms]
(pass) actual mixed observer against marked synthetic client, proxy and SDK > requires two final child handbacks with exact reports delivered to their own parent Agent results [836.83ms]
(pass) actual mixed observer against marked synthetic client, proxy and SDK > preserves the original mixed-v1 rejection of extra handback calls [804.05ms]
(pass) actual mixed observer against marked synthetic client, proxy and SDK > diagnoses structuredParentHandback while preserving the existing handback rejection [826.70ms]
(pass) actual mixed observer against marked synthetic client, proxy and SDK > diagnoses separateCallerHandback while preserving the existing handback rejection [957.80ms]
(pass) actual mixed observer against marked synthetic client, proxy and SDK > rejects handback contract violation missingHandback [843.60ms]
(pass) actual mixed observer against marked synthetic client, proxy and SDK > rejects handback contract violation wrongHandbackMessage [784.60ms]
(pass) actual mixed observer against marked synthetic client, proxy and SDK > rejects handback contract violation handbackNotDelivered [845.98ms]
(pass) actual mixed observer against marked synthetic client, proxy and SDK > rejects handback contract violation handbackNotFinal [870.39ms]
(pass) actual mixed observer against marked synthetic client, proxy and SDK > rejects handback contract violation duplicateHandback [896.97ms]
(pass) actual mixed observer against marked synthetic client, proxy and SDK > rejects handback contract violation handbackRecipient [893.38ms]
(pass) actual mixed observer against marked synthetic client, proxy and SDK > rejects handback contract violation unknownClosingTool [866.76ms]
(pass) actual mixed observer against marked synthetic client, proxy and SDK > rejects handback contract violation undeclaredHandback [874.98ms]
(pass) actual mixed observer against marked synthetic client, proxy and SDK > rejects handback contract violation sharedParentReport [877.86ms]
(pass) actual mixed observer against marked synthetic client, proxy and SDK > rejects wrongClassifierModel [846.50ms]
(pass) actual mixed observer against marked synthetic client, proxy and SDK > rejects borrowedClassifierSession [855.96ms]
(pass) actual mixed observer against marked synthetic client, proxy and SDK > rejects classifierNotIsolated [843.45ms]
(pass) actual mixed observer against marked synthetic client, proxy and SDK > rejects classifierWait [870.19ms]
(pass) actual mixed observer against marked synthetic client, proxy and SDK > rejects noClassifiers [889.70ms]
(pass) actual mixed observer against marked synthetic client, proxy and SDK > rejects forgedClassifier [979.89ms]
(pass) actual mixed observer against marked synthetic client, proxy and SDK > rejects missingWrite [981.35ms]
(pass) actual mixed observer against marked synthetic client, proxy and SDK > rejects changedCommand [1059.42ms]
(pass) actual mixed observer against marked synthetic client, proxy and SDK > rejects noLoggerContext before accepting SDK ownership [815.87ms]
(pass) actual mixed observer against marked synthetic client, proxy and SDK > rejects duplicateQuery before accepting SDK ownership [811.44ms]
(pass) actual mixed observer against marked synthetic client, proxy and SDK > retains failed acceptance and diagnoses unexpectedClientTool [1168.78ms]
(pass) actual mixed observer against marked synthetic client, proxy and SDK > retains failed acceptance and diagnoses changedClientToolName [1079.63ms]
(pass) actual mixed observer against marked synthetic client, proxy and SDK > retains failed acceptance and diagnoses changedClientToolInput [993.85ms]
(pass) actual mixed observer against marked synthetic client, proxy and SDK > holds restoration and the fixture when a rejected duplicate leaves an unconsumed SDK query [770.28ms]

grouped-draft/src/__tests__/e72-native-handback-inbox.test.ts:
(pass) pinned native SubagentHandback inbox > binds the independently captured reference-only result to the matching complete inbox [0.51ms]
(pass) pinned native SubagentHandback inbox > requires the client pin, exact sender, parent reference and footer target [0.07ms]
(pass) pinned native SubagentHandback inbox > rejects caller prose, other roles, JSON, nested blocks and missing reports [0.10ms]
(pass) pinned native SubagentHandback inbox > requires all report bytes, indentation, envelope close and permission boundary [0.12ms]
(pass) pinned native SubagentHandback inbox > rejects duplicate or partly damaged matching-sender envelopes [0.07ms]
(pass) pinned native SubagentHandback inbox > preserves spaces, blank lines and indented frame-like report data [0.08ms]
(pass) pinned native SubagentHandback inbox > fails closed beyond bounded messages, text blocks and payload sizes [1.18ms]
(pass) pinned native SubagentHandback inbox > witnesses framed SDK user input without granting the report system authority [0.46ms]
(pass) pinned native SubagentHandback inbox > forwards original SDK user objects, joins input and excludes system instructions [0.43ms]
(pass) pinned native SubagentHandback inbox > preserves the original input error and closes an early-returned input iterator [0.42ms]
(pass) independently captured native parallel group > binds both complete original native envelopes and SDK input to their own parent footers [0.12ms]
(pass) independently captured native parallel group > rejects damaged members, separators, permission boundaries, footer and trailing prose [0.07ms]
(pass) independently captured native parallel group > rejects borrowed sender reports and duplicated grouped envelopes [0.05ms]

 60 pass
 0 fail
 608 expect() calls
Ran 60 tests across 2 files. [35.41s]
